[API REQUEST] POST /api/auth/refresh-token - 2026-07-11T13:31:14.613Z
[API REQUEST] POST /api/auth/refresh-token - 2026-07-11T13:31:14.630Z
[API REQUEST] POST /api/auth/refresh-token - 2026-07-11T13:31:14.680Z
[API REQUEST] POST /api/auth/refresh-token - 2026-07-11T13:31:14.683Z
[API REQUEST] POST /api/auth/register - 2026-07-11T13:32:23.523Z
[API REQUEST] GET /api/listings?ownerId=6a5245e7e749be309e23e207&limit=50 - 2026-07-11T13:32:23.735Z
[API REQUEST] GET /api/ai/recommendations - 2026-07-11T13:32:23.741Z
[API REQUEST] GET /api/users/me/notifications - 2026-07-11T13:32:23.749Z
[API REQUEST] GET /api/listings?ownerId=6a5245e7e749be309e23e207&limit=50 - 2026-07-11T13:32:29.369Z
[API REQUEST] GET /api/swaps - 2026-07-11T13:32:31.830Z
[API REQUEST] GET /api/listings?page=1&limit=8&sort=newest&valueMax=150 - 2026-07-11T13:32:32.894Z
[API REQUEST] GET /api/swaps - 2026-07-11T13:32:34.701Z
[API REQUEST] GET /api/listings?page=1&limit=8&sort=newest&valueMax=150 - 2026-07-11T13:32:36.421Z
[API REQUEST] POST /api/auth/logout - 2026-07-11T13:32:42.513Z
[API REQUEST] GET /api/listings?limit=4 - 2026-07-11T13:32:42.561Z
[API REQUEST] POST /api/auth/login - 2026-07-11T13:32:56.214Z
[API REQUEST] GET /api/ai/recommendations - 2026-07-11T13:32:56.359Z
[API REQUEST] GET /api/listings?ownerId=6a5245e7e749be309e23e207&limit=50 - 2026-07-11T13:32:56.363Z
[API REQUEST] GET /api/users/me/notifications - 2026-07-11T13:32:56.365Z
[API REQUEST] GET /api/listings?page=1&limit=8&sort=newest&valueMax=150 - 2026-07-11T13:33:54.901Z
[API REQUEST] POST /api/auth/refresh-token - 2026-07-11T13:33:56.998Z
[API REQUEST] GET /api/listings?page=1&limit=8&sort=newest&valueMax=150 - 2026-07-11T13:33:57.002Z
[API REQUEST] POST /api/auth/refresh-token - 2026-07-11T13:33:57.004Z
[API REQUEST] GET /api/users/me/notifications - 2026-07-11T13:33:57.008Z
[API REQUEST] GET /api/users/me/notifications - 2026-07-11T13:33:57.023Z
[API REQUEST] POST /api/auth/refresh-token - 2026-07-11T13:33:57.048Z
[API REQUEST] POST /api/auth/refresh-token - 2026-07-11T13:33:57.056Z
[API REQUEST] GET /api/users/me - 2026-07-11T13:33:57.062Z
[API REQUEST] GET /api/users/me/notifications - 2026-07-11T13:33:57.076Z
[API REQUEST] GET /api/users/me - 2026-07-11T13:33:57.080Z
[API REQUEST] GET /api/users/me/notifications - 2026-07-11T13:33:57.091Z
[API REQUEST] GET /api/users/me/notifications - 2026-07-11T13:33:57.169Z
[API REQUEST] GET /api/listings?limit=4 - 2026-07-11T13:33:58.943Z
[API REQUEST] GET /api/listings?ownerId=6a5245e7e749be309e23e207&limit=50 - 2026-07-11T13:34:03.115Z
[API REQUEST] GET /api/listings?ownerId=6a5245e7e749be309e23e207&limit=50 - 2026-07-11T13:34:06.716Z
[API REQUEST] GET /api/users/me/notifications - 2026-07-11T13:34:06.719Z
[API REQUEST] POST /api/auth/refresh-token - 2026-07-11T13:34:06.720Z
[API REQUEST] POST /api/auth/refresh-token - 2026-07-11T13:34:06.724Z
[API REQUEST] GET /api/users/me/notifications - 2026-07-11T13:34:06.732Z
[API REQUEST] POST /api/auth/refresh-token - 2026-07-11T13:34:06.761Z
[API REQUEST] POST /api/auth/refresh-token - 2026-07-11T13:34:06.765Z
[API REQUEST] GET /api/users/me - 2026-07-11T13:34:06.768Z
[API REQUEST] GET /api/users/me - 2026-07-11T13:34:06.789Z
[API REQUEST] GET /api/listings?ownerId=6a5245e7e749be309e23e207&limit=50 - 2026-07-11T13:34:06.965Z
[API REQUEST] POST /api/auth/refresh-token - 2026-07-11T13:34:06.968Z
[API REQUEST] GET /api/users/me/notifications - 2026-07-11T13:34:06.971Z
[API REQUEST] POST /api/auth/refresh-token - 2026-07-11T13:34:06.973Z
[API REQUEST] GET /api/users/me/notifications - 2026-07-11T13:34:06.988Z
[API REQUEST] POST /api/auth/refresh-token - 2026-07-11T13:34:07.006Z
[API REQUEST] GET /api/users/me - 2026-07-11T13:34:07.013Z
[API REQUEST] POST /api/auth/refresh-token - 2026-07-11T13:34:07.016Z
[API REQUEST] GET /api/users/me - 2026-07-11T13:34:07.029Z
[API REQUEST] GET /api/users/me/notifications - 2026-07-11T13:34:07.036Z
[API REQUEST] GET /api/users/me/notifications - 2026-07-11T13:34:07.088Z
[API REQUEST] GET /api/users/me/notifications - 2026-07-11T13:34:07.101Z
[API REQUEST] POST /api/auth/refresh-token - 2026-07-11T13:34:07.103Z
[API REQUEST] POST /api/auth/refresh-token - 2026-07-11T13:34:07.109Z
[API REQUEST] GET /api/users/me/notifications - 2026-07-11T13:34:07.121Z
[API REQUEST] GET /api/users/me/notifications - 2026-07-11T13:34:07.131Z
[API REQUEST] POST /api/ai/vision-describe - 2026-07-11T13:34:15.119Z
[API REQUEST] POST /api/listings - 2026-07-11T13:34:27.339Z
[API REQUEST] GET /api/listings?page=1&limit=8&sort=newest&valueMax=150&latitude=37.7749&longitude=-122.4194&maxDistance=50 - 2026-07-11T13:34:28.918Z
[API REQUEST] GET /api/listings/6a524663e749be309e23e268 - 2026-07-11T13:34:33.045Z
[API REQUEST] GET /api/listings?ownerId=6a5245e7e749be309e23e207&limit=50 - 2026-07-11T13:34:33.047Z
[API REQUEST] GET /api/listings?page=1&limit=8&sort=newest&valueMax=150&latitude=37.7749&longitude=-122.4194&maxDistance=50 - 2026-07-11T13:34:36.756Z
[API REQUEST] GET /api/listings?page=1&limit=8&sort=newest&valueMax=65&latitude=37.7749&longitude=-122.4194&maxDistance=50 - 2026-07-11T13:34:38.996Z
[API REQUEST] GET /api/listings?page=1&limit=8&sort=newest&valueMax=60&latitude=37.7749&longitude=-122.4194&maxDistance=50 - 2026-07-11T13:34:39.252Z
[API REQUEST] GET /api/listings?page=1&limit=8&sort=newest&valueMax=55&latitude=37.7749&longitude=-122.4194&maxDistance=50 - 2026-07-11T13:34:39.271Z
[API REQUEST] GET /api/listings?page=1&limit=8&sort=newest&valueMax=50&latitude=37.7749&longitude=-122.4194&maxDistance=50 - 2026-07-11T13:34:39.284Z
[API REQUEST] GET /api/listings?page=1&limit=8&sort=newest&valueMax=45&latitude=37.7749&longitude=-122.4194&maxDistance=50 - 2026-07-11T13:34:39.324Z
[API REQUEST] GET /api/listings?page=1&limit=8&sort=newest&valueMax=40&latitude=37.7749&longitude=-122.4194&maxDistance=50 - 2026-07-11T13:34:39.335Z
[API REQUEST] GET /api/listings?page=1&limit=8&sort=newest&valueMax=35&latitude=37.7749&longitude=-122.4194&maxDistance=50 - 2026-07-11T13:34:39.404Z
[API REQUEST] GET /api/listings?page=1&limit=8&sort=newest&valueMax=40&latitude=37.7749&longitude=-122.4194&maxDistance=50 - 2026-07-11T13:34:39.708Z
[API REQUEST] GET /api/listings?page=1&limit=8&sort=newest&valueMax=45&latitude=37.7749&longitude=-122.4194&maxDistance=50 - 2026-07-11T13:34:39.733Z
[API REQUEST] GET /api/listings?page=1&limit=8&sort=newest&valueMax=50&latitude=37.7749&longitude=-122.4194&maxDistance=50 - 2026-07-11T13:34:39.744Z
[API REQUEST] GET /api/listings?page=1&limit=8&sort=newest&valueMax=55&latitude=37.7749&longitude=-122.4194&maxDistance=50 - 2026-07-11T13:34:39.782Z
[API REQUEST] GET /api/listings?page=1&limit=8&sort=newest&valueMax=60&latitude=37.7749&longitude=-122.4194&maxDistance=50 - 2026-07-11T13:34:39.810Z
[API REQUEST] GET /api/listings?page=1&limit=8&sort=newest&valueMax=65&latitude=37.7749&longitude=-122.4194&maxDistance=50 - 2026-07-11T13:34:39.830Z
[API REQUEST] GET /api/listings?page=1&limit=8&sort=newest&valueMax=70&latitude=37.7749&longitude=-122.4194&maxDistance=50 - 2026-07-11T13:34:39.839Z
[API REQUEST] GET /api/listings?page=1&limit=8&sort=newest&valueMax=75&latitude=37.7749&longitude=-122.4194&maxDistance=50 - 2026-07-11T13:34:39.849Z
[API REQUEST] GET /api/listings?page=1&limit=8&sort=newest&valueMax=85&latitude=37.7749&longitude=-122.4194&maxDistance=50 - 2026-07-11T13:34:39.859Z
[API REQUEST] GET /api/listings?page=1&limit=8&sort=newest&valueMax=90&latitude=37.7749&longitude=-122.4194&maxDistance=50 - 2026-07-11T13:34:39.884Z
[API REQUEST] GET /api/listings?page=1&limit=8&sort=newest&valueMax=95&latitude=37.7749&longitude=-122.4194&maxDistance=50 - 2026-07-11T13:34:39.900Z
[API REQUEST] GET /api/listings?page=1&limit=8&sort=newest&valueMax=100&latitude=37.7749&longitude=-122.4194&maxDistance=50 - 2026-07-11T13:34:39.924Z
[API REQUEST] GET /api/listings?page=1&limit=8&sort=newest&valueMax=105&latitude=37.7749&longitude=-122.4194&maxDistance=50 - 2026-07-11T13:34:39.941Z
[API REQUEST] GET /api/listings?page=1&limit=8&sort=newest&valueMax=110&latitude=37.7749&longitude=-122.4194&maxDistance=50 - 2026-07-11T13:34:39.966Z
[API REQUEST] GET /api/listings?page=1&limit=8&sort=newest&valueMax=115&latitude=37.7749&longitude=-122.4194&maxDistance=50 - 2026-07-11T13:34:39.990Z
[API REQUEST] GET /api/listings?page=1&limit=8&sort=newest&valueMax=120&latitude=37.7749&longitude=-122.4194&maxDistance=50 - 2026-07-11T13:34:40.031Z
[API REQUEST] GET /api/listings?page=1&limit=8&sort=newest&valueMax=125&latitude=37.7749&longitude=-122.4194&maxDistance=50 - 2026-07-11T13:34:40.137Z
[API REQUEST] GET /api/listings?page=1&limit=8&sort=newest&valueMax=130&latitude=37.7749&longitude=-122.4194&maxDistance=50 - 2026-07-11T13:34:40.248Z
[API REQUEST] GET /api/listings?page=1&limit=8&sort=newest&valueMax=125&latitude=37.7749&longitude=-122.4194&maxDistance=50 - 2026-07-11T13:34:40.417Z
[API REQUEST] GET /api/listings?page=1&limit=8&sort=newest&valueMax=120&latitude=37.7749&longitude=-122.4194&maxDistance=50 - 2026-07-11T13:34:40.449Z
[API REQUEST] GET /api/listings?page=1&limit=8&sort=newest&valueMax=115&latitude=37.7749&longitude=-122.4194&maxDistance=50 - 2026-07-11T13:34:40.478Z
[API REQUEST] GET /api/listings?page=1&limit=8&sort=newest&valueMax=105&latitude=37.7749&longitude=-122.4194&maxDistance=50 - 2026-07-11T13:34:40.488Z
[API REQUEST] GET /api/listings?page=1&limit=8&sort=newest&valueMax=100&latitude=37.7749&longitude=-122.4194&maxDistance=50 - 2026-07-11T13:34:40.505Z
[API REQUEST] GET /api/listings?page=1&limit=8&sort=newest&valueMax=95&latitude=37.7749&longitude=-122.4194&maxDistance=50 - 2026-07-11T13:34:40.526Z
[API REQUEST] GET /api/listings?page=1&limit=8&sort=newest&valueMax=90&latitude=37.7749&longitude=-122.4194&maxDistance=50 - 2026-07-11T13:34:40.573Z
[API REQUEST] GET /api/listings?page=1&limit=8&sort=newest&valueMax=85&latitude=37.7749&longitude=-122.4194&maxDistance=50 - 2026-07-11T13:34:40.948Z
[API REQUEST] GET /api/listings?page=1&limit=8&sort=newest&valueMax=80&latitude=37.7749&longitude=-122.4194&maxDistance=50 - 2026-07-11T13:34:40.969Z
[API REQUEST] GET /api/listings?page=1&limit=8&sort=newest&valueMax=75&latitude=37.7749&longitude=-122.4194&maxDistance=50 - 2026-07-11T13:34:40.994Z
[API REQUEST] GET /api/listings?page=1&limit=8&sort=newest&valueMax=70&latitude=37.7749&longitude=-122.4194&maxDistance=50 - 2026-07-11T13:34:41.067Z
[API REQUEST] GET /api/listings?page=1&limit=8&sort=newest&valueMax=75&latitude=37.7749&longitude=-122.4194&maxDistance=50 - 2026-07-11T13:34:41.179Z
[API REQUEST] GET /api/listings?page=1&limit=8&sort=newest&valueMax=85&latitude=37.7749&longitude=-122.4194&maxDistance=50 - 2026-07-11T13:34:41.194Z
[API REQUEST] GET /api/listings?page=1&limit=8&sort=newest&valueMax=90&latitude=37.7749&longitude=-122.4194&maxDistance=50 - 2026-07-11T13:34:41.206Z
[API REQUEST] POST /api/auth/refresh-token - 2026-07-11T13:35:44.734Z
[API REQUEST] POST /api/auth/refresh-token - 2026-07-11T13:35:44.737Z
[API REQUEST] GET /api/users/me - 2026-07-11T13:35:44.796Z
[API REQUEST] GET /api/users/me - 2026-07-11T13:35:44.805Z
[API REQUEST] GET /api/users/me/notifications - 2026-07-11T13:35:44.848Z
[API REQUEST] GET /api/users/me/notifications - 2026-07-11T13:35:44.964Z
[API REQUEST] POST /api/auth/register - 2026-07-11T13:36:41.729Z
[API REQUEST] GET /api/listings?ownerId=6a5245e7e749be309e23e207&limit=50 - 2026-07-11T13:36:45.008Z
[API REQUEST] GET /api/listings?ownerId=6a5245e7e749be309e23e207&limit=50 - 2026-07-11T13:36:49.735Z
[API REQUEST] POST /api/auth/refresh-token - 2026-07-11T13:36:49.737Z
[API REQUEST] POST /api/auth/refresh-token - 2026-07-11T13:36:49.740Z
[API REQUEST] GET /api/users/me/notifications - 2026-07-11T13:36:49.742Z
[API REQUEST] GET /api/users/me/notifications - 2026-07-11T13:36:49.755Z
[API REQUEST] POST /api/auth/refresh-token - 2026-07-11T13:36:49.782Z
[API REQUEST] POST /api/auth/refresh-token - 2026-07-11T13:36:49.790Z
[API REQUEST] GET /api/users/me - 2026-07-11T13:36:49.792Z
[API REQUEST] GET /api/users/me/notifications - 2026-07-11T13:36:49.809Z
[API REQUEST] GET /api/users/me - 2026-07-11T13:36:49.812Z
[API REQUEST] GET /api/users/me/notifications - 2026-07-11T13:36:49.823Z
[API REQUEST] GET /api/users/me/notifications - 2026-07-11T13:36:49.885Z
[API REQUEST] GET /api/users/me/notifications - 2026-07-11T13:36:49.895Z
[API REQUEST] GET /api/listings?ownerId=6a5245e7e749be309e23e207&limit=50 - 2026-07-11T13:36:50.269Z
[API REQUEST] GET /api/users/me/notifications - 2026-07-11T13:36:50.272Z
[API REQUEST] POST /api/auth/refresh-token - 2026-07-11T13:36:50.275Z
[API REQUEST] POST /api/auth/refresh-token - 2026-07-11T13:36:50.278Z
[API REQUEST] GET /api/users/me/notifications - 2026-07-11T13:36:50.286Z
[API REQUEST] POST /api/auth/refresh-token - 2026-07-11T13:36:50.309Z
[API REQUEST] POST /api/auth/refresh-token - 2026-07-11T13:36:50.316Z
[API REQUEST] GET /api/users/me - 2026-07-11T13:36:50.320Z
[API REQUEST] GET /api/users/me/notifications - 2026-07-11T13:36:50.338Z
[API REQUEST] GET /api/users/me - 2026-07-11T13:36:50.342Z
[API REQUEST] GET /api/users/me/notifications - 2026-07-11T13:36:50.361Z
[API REQUEST] GET /api/users/me/notifications - 2026-07-11T13:36:50.425Z
[API REQUEST] GET /api/listings?ownerId=6a5245e7e749be309e23e207&limit=50 - 2026-07-11T13:36:50.563Z
[API REQUEST] GET /api/users/me/notifications - 2026-07-11T13:36:50.566Z
[API REQUEST] POST /api/auth/refresh-token - 2026-07-11T13:36:50.568Z
[API REQUEST] POST /api/auth/refresh-token - 2026-07-11T13:36:50.570Z
[API REQUEST] GET /api/users/me/notifications - 2026-07-11T13:36:50.578Z
[API REQUEST] POST /api/auth/refresh-token - 2026-07-11T13:36:50.600Z
[API REQUEST] POST /api/auth/refresh-token - 2026-07-11T13:36:50.606Z
[API REQUEST] GET /api/users/me - 2026-07-11T13:36:50.608Z
[API REQUEST] GET /api/users/me - 2026-07-11T13:36:50.623Z
[API REQUEST] GET /api/users/me/notifications - 2026-07-11T13:36:50.632Z
[API REQUEST] GET /api/users/me/notifications - 2026-07-11T13:36:50.641Z
[API REQUEST] GET /api/users/me/notifications - 2026-07-11T13:36:50.654Z
[API REQUEST] GET /api/users/me/notifications - 2026-07-11T13:36:50.671Z
[API REQUEST] GET /api/listings?ownerId=6a5245e7e749be309e23e207&limit=50 - 2026-07-11T13:36:50.820Z
[API REQUEST] GET /api/users/me/notifications - 2026-07-11T13:36:50.823Z
[API REQUEST] POST /api/auth/refresh-token - 2026-07-11T13:36:50.824Z
[API REQUEST] POST /api/auth/refresh-token - 2026-07-11T13:36:50.827Z
[API REQUEST] GET /api/users/me/notifications - 2026-07-11T13:36:50.834Z
[API REQUEST] POST /api/auth/refresh-token - 2026-07-11T13:36:50.862Z
[API REQUEST] POST /api/auth/refresh-token - 2026-07-11T13:36:50.866Z
[API REQUEST] GET /api/users/me - 2026-07-11T13:36:50.871Z
[API REQUEST] GET /api/users/me - 2026-07-11T13:36:50.889Z
[API REQUEST] GET /api/users/me/notifications - 2026-07-11T13:36:50.902Z
[API REQUEST] GET /api/users/me/notifications - 2026-07-11T13:36:50.911Z
[API REQUEST] GET /api/users/me/notifications - 2026-07-11T13:36:50.969Z
[API REQUEST] GET /api/listings?ownerId=6a5245e7e749be309e23e207&limit=50 - 2026-07-11T13:36:51.135Z
[API REQUEST] POST /api/auth/refresh-token - 2026-07-11T13:36:51.138Z
[API REQUEST] GET /api/users/me/notifications - 2026-07-11T13:36:51.141Z
[API REQUEST] POST /api/auth/refresh-token - 2026-07-11T13:36:51.142Z
[API REQUEST] GET /api/users/me/notifications - 2026-07-11T13:36:51.152Z
[API REQUEST] POST /api/auth/refresh-token - 2026-07-11T13:36:51.175Z
[API REQUEST] POST /api/auth/refresh-token - 2026-07-11T13:36:51.181Z
[API REQUEST] GET /api/users/me - 2026-07-11T13:36:51.183Z
[API REQUEST] GET /api/users/me - 2026-07-11T13:36:51.198Z
[API REQUEST] GET /api/users/me/notifications - 2026-07-11T13:36:51.211Z
[API REQUEST] GET /api/users/me/notifications - 2026-07-11T13:36:51.223Z
[API REQUEST] GET /api/users/me/notifications - 2026-07-11T13:36:51.233Z
[API REQUEST] GET /api/users/me/notifications - 2026-07-11T13:36:51.244Z
[API REQUEST] GET /api/listings?ownerId=6a5245e7e749be309e23e207&limit=50 - 2026-07-11T13:36:51.532Z
[API REQUEST] POST /api/auth/refresh-token - 2026-07-11T13:36:51.537Z
[API REQUEST] POST /api/auth/refresh-token - 2026-07-11T13:36:51.540Z
[API REQUEST] GET /api/users/me/notifications - 2026-07-11T13:36:51.542Z
[API REQUEST] GET /api/users/me/notifications - 2026-07-11T13:36:51.553Z
[API REQUEST] POST /api/auth/refresh-token - 2026-07-11T13:36:51.576Z
[API REQUEST] GET /api/users/me - 2026-07-11T13:36:51.583Z
[API REQUEST] POST /api/auth/refresh-token - 2026-07-11T13:36:51.586Z
[API REQUEST] GET /api/users/me - 2026-07-11T13:36:51.601Z
[API REQUEST] GET /api/users/me/notifications - 2026-07-11T13:36:51.608Z
[API REQUEST] GET /api/users/me/notifications - 2026-07-11T13:36:51.618Z
[API REQUEST] GET /api/users/me/notifications - 2026-07-11T13:36:51.672Z
[API REQUEST] GET /api/listings?ownerId=6a5245e7e749be309e23e207&limit=50 - 2026-07-11T13:36:51.915Z
[API REQUEST] GET /api/users/me/notifications - 2026-07-11T13:36:51.918Z
[API REQUEST] POST /api/auth/refresh-token - 2026-07-11T13:36:51.922Z
[API REQUEST] POST /api/auth/refresh-token - 2026-07-11T13:36:51.924Z
[API REQUEST] GET /api/users/me/notifications - 2026-07-11T13:36:51.930Z
[API REQUEST] POST /api/auth/refresh-token - 2026-07-11T13:36:51.953Z
[API REQUEST] POST /api/auth/refresh-token - 2026-07-11T13:36:51.957Z
[API REQUEST] GET /api/users/me - 2026-07-11T13:36:51.965Z
[API REQUEST] GET /api/users/me - 2026-07-11T13:36:51.980Z
[API REQUEST] GET /api/users/me/notifications - 2026-07-11T13:36:51.985Z
[API REQUEST] GET /api/users/me/notifications - 2026-07-11T13:36:51.993Z
[API REQUEST] GET /api/users/me/notifications - 2026-07-11T13:36:52.053Z
[API REQUEST] GET /api/listings?ownerId=6a5245e7e749be309e23e207&limit=50 - 2026-07-11T13:36:52.365Z
[API REQUEST] GET /api/users/me/notifications - 2026-07-11T13:36:52.367Z
[API REQUEST] POST /api/auth/refresh-token - 2026-07-11T13:36:52.369Z
[API REQUEST] POST /api/auth/refresh-token - 2026-07-11T13:36:52.372Z
[API REQUEST] GET /api/users/me/notifications - 2026-07-11T13:36:52.378Z
